[    1165ms] [ERROR] Failed to load resource: net::ERR_INSUFFICIENT_RESOURCES @ https://t.stripe.com/?cid=5380fee7-08a0-4a4a-8236-04cefcefce0b&lsid=5380fee7-08a0-4a4a-8236-04cefcefce0b&analytics_ua=analytics.js-CURRENT_VERSION&ua_browser_name=Chrome&ua_browser_version=148.0.0.0&ua_os_name=Windows&ua_os_version=10&ua_engine_name=Blink&ua_engine_version=148.0.0.0&page=%2Fp%2Fsession%2Ftest_%5BREDACTED%5D&referrer=https%3A%2F%2Fdailyexpenses.e-markeet.com%2F&domain=billing.stripe.com&viewport_height=668&viewport_width=1052&sid=62c17fba-954a-46f2-9231-7a983e03d401&flags=%7B%7D&arb_id=37bcba24-ec5d-49b1-9f67-93925fea583b&exp_page_load_id=16df83d0-fc5d-46e4-907d-9d2b5f2b5868&revision=fad5d7e32000ce0c0444214538861f4f041f7ad7&is_beta_build_enabled=false&stripe_locale=en-US&page_name=%2F%3Aglob*&page_load_id=2x4sr3t2gj&header_locale=&user_set_locale=auto&livemode=false&project=customer_portal&release=fad5d7e32000ce0c0444214538861f4f041f7ad7&sail_livemode=false&current_route_owner=dashboard_foundation&duration=16674&has_navigated_before_tti=false&decoded_bytes=12325386&encoded_bytes=2688264&total_transfer_size=286560&total_manage_js_transfer_size=undefined&network_requests=7&total_blocking_time=null&api_time=5713&lrd=4239&srv_api_time=5705&srv_lrd=4235&first_input=null&total_capture_time=36067.300000000745&prefers_dark_mode=false&prefers_reduced_motion=false&hidden=false&connect_end=442&js_start=undefined&response_start=1867&response_end=1937&mount_complete=3613&first_contentful_paint=5220&event=customer_portal_time_to_interactive&event_count=40&page_view_id=ab1bb61b-2861-440a-a37e-4681eb2dcf74_2&event_id=ab1bb61b-2861-440a-a37e-4681eb2dcf74_2_40&privacy_consent_loaded=true&privacy_consent_functional=false&privacy_consent_advertising=false:0
[    4661ms] TypeError: Failed to fetch
    at https://a300.stripecdn.com/customerportal-statics-srv/assets/customer-portal.dpejujgmjfirsd3j.js:304:700
    at https://a300.stripecdn.com/customerportal-statics-srv/assets/customer-portal.dpejujgmjfirsd3j.js:331:8515
    at https://a300.stripecdn.com/customerportal-statics-srv/assets/customer-portal.dpejujgmjfirsd3j.js:331:11454
    at https://a300.stripecdn.com/customerportal-statics-srv/assets/customer-portal.dpejujgmjfirsd3j.js:331:7860
    at https://a300.stripecdn.com/customerportal-statics-srv/assets/customer-portal.dpejujgmjfirsd3j.js:331:27765
    at https://a300.stripecdn.com/customerportal-statics-srv/assets/customer-portal.dpejujgmjfirsd3j.js:331:7851
    at https://a300.stripecdn.com/customerportal-statics-srv/assets/customer-portal.dpejujgmjfirsd3j.js:331:7860
    at https://a300.stripecdn.com/customerportal-statics-srv/assets/customer-portal.dpejujgmjfirsd3j.js:331:11603
    at https://a300.stripecdn.com/customerportal-statics-srv/assets/customer-portal.dpejujgmjfirsd3j.js:331:7851
    at https://a300.stripecdn.com/customerportal-statics-srv/assets/customer-portal.dpejujgmjfirsd3j.js:331:7860
    at https://a300.stripecdn.com/customerportal-statics-srv/assets/customer-portal.dpejujgmjfirsd3j.js:504:1117147
    at Generator.next (<anonymous>)
    at asyncGeneratorStep$c (https://a300.stripecdn.com/customerportal-statics-srv/assets/customer-portal.dpejujgmjfirsd3j.js:504:1116716)
    at _next (https://a300.stripecdn.com/customerportal-statics-srv/assets/customer-portal.dpejujgmjfirsd3j.js:504:1116945)
    at https://a300.stripecdn.com/customerportal-statics-srv/assets/customer-portal.dpejujgmjfirsd3j.js:504:1117035
    at new Promise (<anonymous>)
    at https://a300.stripecdn.com/customerportal-statics-srv/assets/customer-portal.dpejujgmjfirsd3j.js:504:1116886
    at https://a300.stripecdn.com/customerportal-statics-srv/assets/customer-portal.dpejujgmjfirsd3j.js:504:1117202
    at https://a300.stripecdn.com/customerportal-statics-srv/assets/customer-portal.dpejujgmjfirsd3j.js:331:7851
    at https://a300.stripecdn.com/customerportal-statics-srv/assets/customer-portal.dpejujgmjfirsd3j.js:331:8419
    at window.requestIdleCallback.timeout (https://a300.stripecdn.com/customerportal-statics-srv/assets/customer-portal.dpejujgmjfirsd3j.js:504:1119201)
[    4661ms] TypeError: Failed to fetch
    at https://a300.stripecdn.com/customerportal-statics-srv/assets/customer-portal.dpejujgmjfirsd3j.js:304:700
    at https://a300.stripecdn.com/customerportal-statics-srv/assets/customer-portal.dpejujgmjfirsd3j.js:331:8515
    at https://a300.stripecdn.com/customerportal-statics-srv/assets/customer-portal.dpejujgmjfirsd3j.js:331:11454
    at https://a300.stripecdn.com/customerportal-statics-srv/assets/customer-portal.dpejujgmjfirsd3j.js:331:7860
    at https://a300.stripecdn.com/customerportal-statics-srv/assets/customer-portal.dpejujgmjfirsd3j.js:331:27765
    at https://a300.stripecdn.com/customerportal-statics-srv/assets/customer-portal.dpejujgmjfirsd3j.js:331:7851
    at https://a300.stripecdn.com/customerportal-statics-srv/assets/customer-portal.dpejujgmjfirsd3j.js:331:7860
    at https://a300.stripecdn.com/customerportal-statics-srv/assets/customer-portal.dpejujgmjfirsd3j.js:331:11603
    at https://a300.stripecdn.com/customerportal-statics-srv/assets/customer-portal.dpejujgmjfirsd3j.js:331:7851
    at https://a300.stripecdn.com/customerportal-statics-srv/assets/customer-portal.dpejujgmjfirsd3j.js:331:7860
    at https://a300.stripecdn.com/customerportal-statics-srv/assets/customer-portal.dpejujgmjfirsd3j.js:504:1117147
    at Generator.next (<anonymous>)
    at asyncGeneratorStep$c (https://a300.stripecdn.com/customerportal-statics-srv/assets/customer-portal.dpejujgmjfirsd3j.js:504:1116716)
    at _next (https://a300.stripecdn.com/customerportal-statics-srv/assets/customer-portal.dpejujgmjfirsd3j.js:504:1116945)
    at https://a300.stripecdn.com/customerportal-statics-srv/assets/customer-portal.dpejujgmjfirsd3j.js:504:1117035
    at new Promise (<anonymous>)
    at https://a300.stripecdn.com/customerportal-statics-srv/assets/customer-portal.dpejujgmjfirsd3j.js:504:1116886
    at https://a300.stripecdn.com/customerportal-statics-srv/assets/customer-portal.dpejujgmjfirsd3j.js:504:1117202
    at https://a300.stripecdn.com/customerportal-statics-srv/assets/customer-portal.dpejujgmjfirsd3j.js:331:7851
    at https://a300.stripecdn.com/customerportal-statics-srv/assets/customer-portal.dpejujgmjfirsd3j.js:331:8419
    at window.requestIdleCallback.timeout (https://a300.stripecdn.com/customerportal-statics-srv/assets/customer-portal.dpejujgmjfirsd3j.js:504:1119201)
[    4661ms] TypeError: Failed to fetch
    at https://a300.stripecdn.com/customerportal-statics-srv/assets/customer-portal.dpejujgmjfirsd3j.js:304:700
    at https://a300.stripecdn.com/customerportal-statics-srv/assets/customer-portal.dpejujgmjfirsd3j.js:331:8515
    at https://a300.stripecdn.com/customerportal-statics-srv/assets/customer-portal.dpejujgmjfirsd3j.js:331:11454
    at https://a300.stripecdn.com/customerportal-statics-srv/assets/customer-portal.dpejujgmjfirsd3j.js:331:7860
    at https://a300.stripecdn.com/customerportal-statics-srv/assets/customer-portal.dpejujgmjfirsd3j.js:331:27765
    at https://a300.stripecdn.com/customerportal-statics-srv/assets/customer-portal.dpejujgmjfirsd3j.js:331:7851
    at https://a300.stripecdn.com/customerportal-statics-srv/assets/customer-portal.dpejujgmjfirsd3j.js:331:7860
    at https://a300.stripecdn.com/customerportal-statics-srv/assets/customer-portal.dpejujgmjfirsd3j.js:331:11603
    at https://a300.stripecdn.com/customerportal-statics-srv/assets/customer-portal.dpejujgmjfirsd3j.js:331:7851
    at https://a300.stripecdn.com/customerportal-statics-srv/assets/customer-portal.dpejujgmjfirsd3j.js:331:7860
    at https://a300.stripecdn.com/customerportal-statics-srv/assets/customer-portal.dpejujgmjfirsd3j.js:504:1117147
    at Generator.next (<anonymous>)
    at asyncGeneratorStep$c (https://a300.stripecdn.com/customerportal-statics-srv/assets/customer-portal.dpejujgmjfirsd3j.js:504:1116716)
    at _next (https://a300.stripecdn.com/customerportal-statics-srv/assets/customer-portal.dpejujgmjfirsd3j.js:504:1116945)
    at https://a300.stripecdn.com/customerportal-statics-srv/assets/customer-portal.dpejujgmjfirsd3j.js:504:1117035
    at new Promise (<anonymous>)
    at https://a300.stripecdn.com/customerportal-statics-srv/assets/customer-portal.dpejujgmjfirsd3j.js:504:1116886
    at https://a300.stripecdn.com/customerportal-statics-srv/assets/customer-portal.dpejujgmjfirsd3j.js:504:1117202
    at https://a300.stripecdn.com/customerportal-statics-srv/assets/customer-portal.dpejujgmjfirsd3j.js:331:7851
    at https://a300.stripecdn.com/customerportal-statics-srv/assets/customer-portal.dpejujgmjfirsd3j.js:331:8419
    at window.requestIdleCallback.timeout (https://a300.stripecdn.com/customerportal-statics-srv/assets/customer-portal.dpejujgmjfirsd3j.js:504:1119201)
[    4661ms] TypeError: Failed to fetch
    at https://a300.stripecdn.com/customerportal-statics-srv/assets/customer-portal.dpejujgmjfirsd3j.js:304:700
    at https://a300.stripecdn.com/customerportal-statics-srv/assets/customer-portal.dpejujgmjfirsd3j.js:331:8515
    at https://a300.stripecdn.com/customerportal-statics-srv/assets/customer-portal.dpejujgmjfirsd3j.js:331:11454
    at https://a300.stripecdn.com/customerportal-statics-srv/assets/customer-portal.dpejujgmjfirsd3j.js:331:7860
    at https://a300.stripecdn.com/customerportal-statics-srv/assets/customer-portal.dpejujgmjfirsd3j.js:331:27765
    at https://a300.stripecdn.com/customerportal-statics-srv/assets/customer-portal.dpejujgmjfirsd3j.js:331:7851
    at https://a300.stripecdn.com/customerportal-statics-srv/assets/customer-portal.dpejujgmjfirsd3j.js:331:7860
    at https://a300.stripecdn.com/customerportal-statics-srv/assets/customer-portal.dpejujgmjfirsd3j.js:331:11603
    at https://a300.stripecdn.com/customerportal-statics-srv/assets/customer-portal.dpejujgmjfirsd3j.js:331:7851
    at https://a300.stripecdn.com/customerportal-statics-srv/assets/customer-portal.dpejujgmjfirsd3j.js:331:7860
    at https://a300.stripecdn.com/customerportal-statics-srv/assets/customer-portal.dpejujgmjfirsd3j.js:504:1117147
    at Generator.next (<anonymous>)
    at asyncGeneratorStep$c (https://a300.stripecdn.com/customerportal-statics-srv/assets/customer-portal.dpejujgmjfirsd3j.js:504:1116716)
    at _next (https://a300.stripecdn.com/customerportal-statics-srv/assets/customer-portal.dpejujgmjfirsd3j.js:504:1116945)
    at https://a300.stripecdn.com/customerportal-statics-srv/assets/customer-portal.dpejujgmjfirsd3j.js:504:1117035
    at new Promise (<anonymous>)
    at https://a300.stripecdn.com/customerportal-statics-srv/assets/customer-portal.dpejujgmjfirsd3j.js:504:1116886
    at https://a300.stripecdn.com/customerportal-statics-srv/assets/customer-portal.dpejujgmjfirsd3j.js:504:1117202
    at https://a300.stripecdn.com/customerportal-statics-srv/assets/customer-portal.dpejujgmjfirsd3j.js:331:7851
    at https://a300.stripecdn.com/customerportal-statics-srv/assets/customer-portal.dpejujgmjfirsd3j.js:331:8419
    at window.requestIdleCallback.timeout (https://a300.stripecdn.com/customerportal-statics-srv/assets/customer-portal.dpejujgmjfirsd3j.js:504:1119201)
[    4661ms] TypeError: Failed to fetch
    at https://a300.stripecdn.com/customerportal-statics-srv/assets/customer-portal.dpejujgmjfirsd3j.js:304:700
    at https://a300.stripecdn.com/customerportal-statics-srv/assets/customer-portal.dpejujgmjfirsd3j.js:331:8515
    at https://a300.stripecdn.com/customerportal-statics-srv/assets/customer-portal.dpejujgmjfirsd3j.js:331:11454
    at https://a300.stripecdn.com/customerportal-statics-srv/assets/customer-portal.dpejujgmjfirsd3j.js:331:7860
    at https://a300.stripecdn.com/customerportal-statics-srv/assets/customer-portal.dpejujgmjfirsd3j.js:331:27765
    at https://a300.stripecdn.com/customerportal-statics-srv/assets/customer-portal.dpejujgmjfirsd3j.js:331:7851
    at https://a300.stripecdn.com/customerportal-statics-srv/assets/customer-portal.dpejujgmjfirsd3j.js:331:7860
    at https://a300.stripecdn.com/customerportal-statics-srv/assets/customer-portal.dpejujgmjfirsd3j.js:331:11603
    at https://a300.stripecdn.com/customerportal-statics-srv/assets/customer-portal.dpejujgmjfirsd3j.js:331:7851
    at https://a300.stripecdn.com/customerportal-statics-srv/assets/customer-portal.dpejujgmjfirsd3j.js:331:7860
    at https://a300.stripecdn.com/customerportal-statics-srv/assets/customer-portal.dpejujgmjfirsd3j.js:504:1117147
    at Generator.next (<anonymous>)
    at asyncGeneratorStep$c (https://a300.stripecdn.com/customerportal-statics-srv/assets/customer-portal.dpejujgmjfirsd3j.js:504:1116716)
    at _next (https://a300.stripecdn.com/customerportal-statics-srv/assets/customer-portal.dpejujgmjfirsd3j.js:504:1116945)
    at https://a300.stripecdn.com/customerportal-statics-srv/assets/customer-portal.dpejujgmjfirsd3j.js:504:1117035
    at new Promise (<anonymous>)
    at https://a300.stripecdn.com/customerportal-statics-srv/assets/customer-portal.dpejujgmjfirsd3j.js:504:1116886
    at https://a300.stripecdn.com/customerportal-statics-srv/assets/customer-portal.dpejujgmjfirsd3j.js:504:1117202
    at https://a300.stripecdn.com/customerportal-statics-srv/assets/customer-portal.dpejujgmjfirsd3j.js:331:7851
    at https://a300.stripecdn.com/customerportal-statics-srv/assets/customer-portal.dpejujgmjfirsd3j.js:331:8419
    at window.requestIdleCallback.timeout (https://a300.stripecdn.com/customerportal-statics-srv/assets/customer-portal.dpejujgmjfirsd3j.js:504:1119201)
[    4661ms] TypeError: Failed to fetch
    at https://a300.stripecdn.com/customerportal-statics-srv/assets/customer-portal.dpejujgmjfirsd3j.js:304:700
    at https://a300.stripecdn.com/customerportal-statics-srv/assets/customer-portal.dpejujgmjfirsd3j.js:331:8515
    at https://a300.stripecdn.com/customerportal-statics-srv/assets/customer-portal.dpejujgmjfirsd3j.js:331:11454
    at https://a300.stripecdn.com/customerportal-statics-srv/assets/customer-portal.dpejujgmjfirsd3j.js:331:7860
    at https://a300.stripecdn.com/customerportal-statics-srv/assets/customer-portal.dpejujgmjfirsd3j.js:331:27765
    at https://a300.stripecdn.com/customerportal-statics-srv/assets/customer-portal.dpejujgmjfirsd3j.js:331:7851
    at https://a300.stripecdn.com/customerportal-statics-srv/assets/customer-portal.dpejujgmjfirsd3j.js:331:7860
    at https://a300.stripecdn.com/customerportal-statics-srv/assets/customer-portal.dpejujgmjfirsd3j.js:331:11603
    at https://a300.stripecdn.com/customerportal-statics-srv/assets/customer-portal.dpejujgmjfirsd3j.js:331:7851
    at https://a300.stripecdn.com/customerportal-statics-srv/assets/customer-portal.dpejujgmjfirsd3j.js:331:7860
    at https://a300.stripecdn.com/customerportal-statics-srv/assets/customer-portal.dpejujgmjfirsd3j.js:504:1117147
    at Generator.next (<anonymous>)
    at asyncGeneratorStep$c (https://a300.stripecdn.com/customerportal-statics-srv/assets/customer-portal.dpejujgmjfirsd3j.js:504:1116716)
    at _next (https://a300.stripecdn.com/customerportal-statics-srv/assets/customer-portal.dpejujgmjfirsd3j.js:504:1116945)
    at https://a300.stripecdn.com/customerportal-statics-srv/assets/customer-portal.dpejujgmjfirsd3j.js:504:1117035
    at new Promise (<anonymous>)
    at https://a300.stripecdn.com/customerportal-statics-srv/assets/customer-portal.dpejujgmjfirsd3j.js:504:1116886
    at https://a300.stripecdn.com/customerportal-statics-srv/assets/customer-portal.dpejujgmjfirsd3j.js:504:1117202
    at https://a300.stripecdn.com/customerportal-statics-srv/assets/customer-portal.dpejujgmjfirsd3j.js:331:7851
    at https://a300.stripecdn.com/customerportal-statics-srv/assets/customer-portal.dpejujgmjfirsd3j.js:331:8419
    at window.requestIdleCallback.timeout (https://a300.stripecdn.com/customerportal-statics-srv/assets/customer-portal.dpejujgmjfirsd3j.js:504:1119201)
[    4661ms] TypeError: Failed to fetch
    at https://a300.stripecdn.com/customerportal-statics-srv/assets/customer-portal.dpejujgmjfirsd3j.js:304:700
    at https://a300.stripecdn.com/customerportal-statics-srv/assets/customer-portal.dpejujgmjfirsd3j.js:331:8515
    at https://a300.stripecdn.com/customerportal-statics-srv/assets/customer-portal.dpejujgmjfirsd3j.js:331:11454
    at https://a300.stripecdn.com/customerportal-statics-srv/assets/customer-portal.dpejujgmjfirsd3j.js:331:7860
    at https://a300.stripecdn.com/customerportal-statics-srv/assets/customer-portal.dpejujgmjfirsd3j.js:331:27765
    at https://a300.stripecdn.com/customerportal-statics-srv/assets/customer-portal.dpejujgmjfirsd3j.js:331:7851
    at https://a300.stripecdn.com/customerportal-statics-srv/assets/customer-portal.dpejujgmjfirsd3j.js:331:7860
    at https://a300.stripecdn.com/customerportal-statics-srv/assets/customer-portal.dpejujgmjfirsd3j.js:331:11603
    at https://a300.stripecdn.com/customerportal-statics-srv/assets/customer-portal.dpejujgmjfirsd3j.js:331:7851
    at https://a300.stripecdn.com/customerportal-statics-srv/assets/customer-portal.dpejujgmjfirsd3j.js:331:7860
    at https://a300.stripecdn.com/customerportal-statics-srv/assets/customer-portal.dpejujgmjfirsd3j.js:504:1117147
    at Generator.next (<anonymous>)
    at asyncGeneratorStep$c (https://a300.stripecdn.com/customerportal-statics-srv/assets/customer-portal.dpejujgmjfirsd3j.js:504:1116716)
    at _next (https://a300.stripecdn.com/customerportal-statics-srv/assets/customer-portal.dpejujgmjfirsd3j.js:504:1116945)
    at https://a300.stripecdn.com/customerportal-statics-srv/assets/customer-portal.dpejujgmjfirsd3j.js:504:1117035
    at new Promise (<anonymous>)
    at https://a300.stripecdn.com/customerportal-statics-srv/assets/customer-portal.dpejujgmjfirsd3j.js:504:1116886
    at https://a300.stripecdn.com/customerportal-statics-srv/assets/customer-portal.dpejujgmjfirsd3j.js:504:1117202
    at https://a300.stripecdn.com/customerportal-statics-srv/assets/customer-portal.dpejujgmjfirsd3j.js:331:7851
    at https://a300.stripecdn.com/customerportal-statics-srv/assets/customer-portal.dpejujgmjfirsd3j.js:331:8419
    at window.requestIdleCallback.timeout (https://a300.stripecdn.com/customerportal-statics-srv/assets/customer-portal.dpejujgmjfirsd3j.js:504:1119201)
[  -28999ms] [ERROR] Failed to load resource: net::ERR_INSUFFICIENT_RESOURCES @ https://billing.stripe.com/ajax/metrics_batch:0
[  -26972ms] [ERROR] Failed to load resource: net::ERR_INSUFFICIENT_RESOURCES @ https://billing.stripe.com/v1/billing_portal/sessions/bps_1Td8kNHfr2RFpxq7u0S28d9q/payment_methods?include_only%5B%5D=data.card.exp_month%2Cdata.card.exp_year%2Cdata.card.funding%2Cdata.card.wallet.type%2Cdata.us_bank_account.last4%2Cdata.us_bank_account.bank_name%2Cdata.id%2Chas_more%2Cdata.acss_debit.bank_name%2Cdata.acss_debit.last4%2Cdata.au_becs_debit.last4%2Cdata.bacs_debit.last4%2Cdata.boleto.tax_id%2Cdata.crypto.last4%2Cdata.crypto.network%2Cdata.crypto.token_currency%2Cdata.crypto.wallet_address%2Cdata.card.brand%2Cdata.card.last4%2Cdata.card.networks.available%2Cdata.nz_bank_account.bank_name%2Cdata.nz_bank_account.last4%2Cdata.object%2Cdata.sepa_debit.last4%2Cdata.type%2Cdata.custom.type%2Cdata.custom.display_name%2Cdata.custom.logo_url:0
[  -26959ms] [ERROR] Failed to load resource: net::ERR_INSUFFICIENT_RESOURCES @ https://billing.stripe.com/v1/billing_portal/sessions/bps_1Td8kNHfr2RFpxq7u0S28d9q/invoices?expand%5B%5D=data.payment_intent.payment_method&include_only%5B%5D=data.id%2Chas_more%2Cobject%2Cdata.amount_due%2Cdata.currency%2Cdata.due_date%2Cdata.effective_at%2Cdata.finalized_at%2Cdata.hosted_invoice_url%2Cdata.last_payment_error.payment_method%2Cdata.last_payment_error.failure_code%2Cdata.lines.data.id%2Cdata.lines.data.amount%2Cdata.lines.data.description%2Cdata.lines.data.price_details.id%2Cdata.lines.data.price_details.unit_amount%2Cdata.lines.data.price_details.unit_amount_decimal%2Cdata.lines.data.price_details.product.id%2Cdata.lines.data.price_details.product.name%2Cdata.lines.data.period.start%2Cdata.lines.data.proration%2Cdata.lines.data.short_description%2Cdata.lines.data.trial%2Cdata.payment_intent.id%2Cdata.payment_intent.status%2Cdata.payment_intent.payment_method.id%2Cdata.payment_intent.payment_method.type%2Cdata.status%2Cdata.presentment_details%2Cdata.object%2Cdata.payment_intent.last_payment_error.code%2Cdata.payment_intent.last_payment_error.decline_code%2Cdata.payment_intent.last_payment_error.type%2Cdata.payment_intent.last_payment_error.payment_method.id%2Cdata.payment_intent.last_payment_error.source.id&limit=3:0
[  -21734ms] [ERROR] Failed to load resource: net::ERR_INSUFFICIENT_RESOURCES @ https://js.hcaptcha.com/1/api.js?render=explicit&onload=hcaptchaOnLoad&recaptchacompat=off:0
[  -20711ms] [WARNING] WebGL: CONTEXT_LOST_WEBGL: loseContext: context lost @ https://billing.stripe.com/p/session/test_YWNjdF8xVFltMENIZnIyUkZweHE3LF9VY05WSE1QY1JxbkFuOVR4MEtKakFoMzlSRFFkTGZz0100pTlaTF1v:0
[  -13842ms] [ERROR] Failed to load resource: net::ERR_INSUFFICIENT_RESOURCES @ https://t.stripe.com/?cid=5380fee7-08a0-4a4a-8236-04cefcefce0b&lsid=5380fee7-08a0-4a4a-8236-04cefcefce0b&analytics_ua=analytics.js-CURRENT_VERSION&ua_browser_name=Chrome&ua_browser_version=148.0.0.0&ua_os_name=Windows&ua_os_version=10&ua_engine_name=Blink&ua_engine_version=148.0.0.0&page=%2Fp%2Fsession%2Ftest_%5BREDACTED%5D&referrer=https%3A%2F%2Fdailyexpenses.e-markeet.com%2F&domain=billing.stripe.com&viewport_height=668&viewport_width=1052&sid=62c17fba-954a-46f2-9231-7a983e03d401&flags=%7B%7D&arb_id=37bcba24-ec5d-49b1-9f67-93925fea583b&exp_page_load_id=16df83d0-fc5d-46e4-907d-9d2b5f2b5868&revision=fad5d7e32000ce0c0444214538861f4f041f7ad7&is_beta_build_enabled=false&stripe_locale=en-US&page_name=%2Fp%2Fsession%2F%3Aid&page_load_id=5cp89r0zve&header_locale=&user_set_locale=auto&livemode=false&additional_analytics=%7B%22customer_portal_href%22%3A%22https%3A%2F%2Fbilling.stripe.com%2Fp%2Fsession%2Ftest_%5BREDACTED%5D%22%7D&action_name=billing_frontend_customer_portal_init&viewed_name=%2Fp%2Fsession%2Ftest_%5BREDACTED%5D&event=billing_frontend_customer_portal_init.action&event_count=1&page_view_id=ab1bb61b-2861-440a-a37e-4681eb2dcf74_2&event_id=ab1bb61b-2861-440a-a37e-4681eb2dcf74_2_1&privacy_consent_loaded=true&privacy_consent_functional=false&privacy_consent_advertising=false:0
[  -12830ms] [ERROR] Failed to load resource: net::ERR_INSUFFICIENT_RESOURCES @ https://t.stripe.com/?cid=5380fee7-08a0-4a4a-8236-04cefcefce0b&lsid=5380fee7-08a0-4a4a-8236-04cefcefce0b&analytics_ua=analytics.js-CURRENT_VERSION&ua_browser_name=Chrome&ua_browser_version=148.0.0.0&ua_os_name=Windows&ua_os_version=10&ua_engine_name=Blink&ua_engine_version=148.0.0.0&page=%2Fp%2Fsession%2Ftest_%5BREDACTED%5D&referrer=https%3A%2F%2Fdailyexpenses.e-markeet.com%2F&domain=billing.stripe.com&viewport_height=668&viewport_width=1052&sid=62c17fba-954a-46f2-9231-7a983e03d401&flags=%7B%7D&arb_id=37bcba24-ec5d-49b1-9f67-93925fea583b&exp_page_load_id=16df83d0-fc5d-46e4-907d-9d2b5f2b5868&revision=fad5d7e32000ce0c0444214538861f4f041f7ad7&is_beta_build_enabled=false&stripe_locale=en-US&page_name=%2F%3Aglob*&page_load_id=4wzkme4skc&header_locale=&user_set_locale=auto&livemode=false&project=sail_core&release=fad5d7e32000ce0c0444214538861f4f041f7ad7&sail_livemode=false&operation_name=CustomerPortalContainerRetrieveSessionStateQuery&operation_truncated_fields=configuration.features.subscription_update.portal_client_products.prices2&event=rest_link_truncation&event_count=3&page_view_id=ab1bb61b-2861-440a-a37e-4681eb2dcf74_2&event_id=ab1bb61b-2861-440a-a37e-4681eb2dcf74_2_3&privacy_consent_loaded=true&privacy_consent_advertising=false&privacy_consent_functional=false:0
[   -8347ms] [ERROR] Failed to load resource: net::ERR_INSUFFICIENT_RESOURCES @ https://t.stripe.com/?cid=5380fee7-08a0-4a4a-8236-04cefcefce0b&lsid=5380fee7-08a0-4a4a-8236-04cefcefce0b&analytics_ua=analytics.js-CURRENT_VERSION&ua_browser_name=Chrome&ua_browser_version=148.0.0.0&ua_os_name=Windows&ua_os_version=10&ua_engine_name=Blink&ua_engine_version=148.0.0.0&page=%2Fp%2Fsession%2Ftest_%5BREDACTED%5D&referrer=https%3A%2F%2Fdailyexpenses.e-markeet.com%2F&domain=billing.stripe.com&viewport_height=668&viewport_width=1052&sid=62c17fba-954a-46f2-9231-7a983e03d401&flags=%7B%7D&arb_id=37bcba24-ec5d-49b1-9f67-93925fea583b&exp_page_load_id=16df83d0-fc5d-46e4-907d-9d2b5f2b5868&revision=fad5d7e32000ce0c0444214538861f4f041f7ad7&is_beta_build_enabled=false&stripe_locale=en-US&page_name=%2F%3Aglob*&page_load_id=66wacvtqef&header_locale=&user_set_locale=auto&livemode=false&project=customer_portal&release=fad5d7e32000ce0c0444214538861f4f041f7ad7&sail_livemode=false&endpoint=%2Fv1%2Fbilling_portal%2Fsessions%2F%3Asession%2Fsubscriptions&operationName=HomePageAllPortalSessionSubscriptionsQuery&size=4458&event=v1_graphql_request_with_long_url&event_count=9&page_view_id=ab1bb61b-2861-440a-a37e-4681eb2dcf74_2&event_id=ab1bb61b-2861-440a-a37e-4681eb2dcf74_2_9&privacy_consent_loaded=true&privacy_consent_advertising=false&privacy_consent_functional=false:0
[   -8345ms] [ERROR] Failed to load resource: net::ERR_INSUFFICIENT_RESOURCES @ https://t.stripe.com/?cid=5380fee7-08a0-4a4a-8236-04cefcefce0b&lsid=5380fee7-08a0-4a4a-8236-04cefcefce0b&analytics_ua=analytics.js-CURRENT_VERSION&ua_browser_name=Chrome&ua_browser_version=148.0.0.0&ua_os_name=Windows&ua_os_version=10&ua_engine_name=Blink&ua_engine_version=148.0.0.0&page=%2Fp%2Fsession%2Ftest_%5BREDACTED%5D&referrer=https%3A%2F%2Fdailyexpenses.e-markeet.com%2F&domain=billing.stripe.com&viewport_height=668&viewport_width=1052&sid=62c17fba-954a-46f2-9231-7a983e03d401&flags=%7B%7D&arb_id=37bcba24-ec5d-49b1-9f67-93925fea583b&exp_page_load_id=16df83d0-fc5d-46e4-907d-9d2b5f2b5868&revision=fad5d7e32000ce0c0444214538861f4f041f7ad7&is_beta_build_enabled=false&stripe_locale=en-US&page_name=%2F%3Aglob*&page_load_id=66wacvtqef&header_locale=&user_set_locale=auto&livemode=false&project=sail_core&release=fad5d7e32000ce0c0444214538861f4f041f7ad7&sail_livemode=false&operation_name=HomePageAllPortalSessionSubscriptionsQuery&operation_truncated_fields=data.default_source%2Cdata.items.price_details%2Cdata.upcoming_invoice.discount%2Cdata.upcoming_invoice.discounts.promotion_code%2Cdata.recurring_invoice.discount%2Cdata.recurring_invoice.discounts.promotion_code%2Cdata.upcoming_invoice.total_discount_amounts%2Cdata.recurring_invoice.total_discount_amounts%2Cdata.latest_invoice.payment_intent%2Cdata.upcoming_invoice.discounts.coupon%2Cdata.recurring_invoice.discounts.coupon%2Cdata.upcoming_invoice.lines.data%2Cdata.recurring_invoice.lines&event=rest_link_truncation&event_count=8&page_view_id=ab1bb61b-2861-440a-a37e-4681eb2dcf74_2&event_id=ab1bb61b-2861-440a-a37e-4681eb2dcf74_2_8&privacy_consent_loaded=true&privacy_consent_advertising=false&privacy_consent_functional=false:0
[   -8339ms] [ERROR] Failed to load resource: net::ERR_INSUFFICIENT_RESOURCES @ https://t.stripe.com/?cid=5380fee7-08a0-4a4a-8236-04cefcefce0b&lsid=5380fee7-08a0-4a4a-8236-04cefcefce0b&analytics_ua=analytics.js-CURRENT_VERSION&ua_browser_name=Chrome&ua_browser_version=148.0.0.0&ua_os_name=Windows&ua_os_version=10&ua_engine_name=Blink&ua_engine_version=148.0.0.0&page=%2Fp%2Fsession%2Ftest_%5BREDACTED%5D&referrer=https%3A%2F%2Fdailyexpenses.e-markeet.com%2F&domain=billing.stripe.com&viewport_height=668&viewport_width=1052&sid=62c17fba-954a-46f2-9231-7a983e03d401&flags=%7B%7D&arb_id=37bcba24-ec5d-49b1-9f67-93925fea583b&exp_page_load_id=16df83d0-fc5d-46e4-907d-9d2b5f2b5868&revision=fad5d7e32000ce0c0444214538861f4f041f7ad7&is_beta_build_enabled=false&stripe_locale=en-US&page_name=%2F%3Aglob*&page_load_id=6qiyi34h1p&header_locale=&user_set_locale=auto&livemode=false&project=customer_portal&release=fad5d7e32000ce0c0444214538861f4f041f7ad7&sail_livemode=false&additional_analytics=%7B%22in_portal_design_refresh%22%3Afalse%2C%22customer_portal_session_id%22%3A%22bps_1Td8kNHfr2RFpxq7u0S28d9q%22%2C%22customer_portal_cust_id%22%3A%22cus_UcNC5JUv5gvOyP%22%7D&action_name=billing_frontend_customer_portal_home_page_mount&viewed_name=customer_portal_footer_cta&event=billing_frontend_customer_portal_home_page_mount.action&event_count=11&page_view_id=ab1bb61b-2861-440a-a37e-4681eb2dcf74_2&event_id=ab1bb61b-2861-440a-a37e-4681eb2dcf74_2_11&privacy_consent_loaded=true&privacy_consent_advertising=false&privacy_consent_functional=false:0
[   -8337ms] [ERROR] Failed to load resource: net::ERR_INSUFFICIENT_RESOURCES @ https://t.stripe.com/?cid=5380fee7-08a0-4a4a-8236-04cefcefce0b&lsid=5380fee7-08a0-4a4a-8236-04cefcefce0b&analytics_ua=analytics.js-CURRENT_VERSION&ua_browser_name=Chrome&ua_browser_version=148.0.0.0&ua_os_name=Windows&ua_os_version=10&ua_engine_name=Blink&ua_engine_version=148.0.0.0&page=%2Fp%2Fsession%2Ftest_%5BREDACTED%5D&referrer=https%3A%2F%2Fdailyexpenses.e-markeet.com%2F&domain=billing.stripe.com&viewport_height=668&viewport_width=1052&sid=62c17fba-954a-46f2-9231-7a983e03d401&flags=%7B%7D&arb_id=37bcba24-ec5d-49b1-9f67-93925fea583b&exp_page_load_id=16df83d0-fc5d-46e4-907d-9d2b5f2b5868&revision=fad5d7e32000ce0c0444214538861f4f041f7ad7&is_beta_build_enabled=false&stripe_locale=en-US&page_name=%2Fp%2Fsession%2F%3Aid&page_load_id=4wzkme4skc&header_locale=&user_set_locale=auto&livemode=false&additional_analytics=%7B%22customer_portal_href%22%3A%22https%3A%2F%2Fbilling.stripe.com%2Fp%2Fsession%2Ftest_%5BREDACTED%5D%22%7D&action_name=billing_frontend_customer_portal_init_mount&viewed_name=customer_portal_page_mount&event=billing_frontend_customer_portal_init_mount.action&event_count=4&page_view_id=ab1bb61b-2861-440a-a37e-4681eb2dcf74_2&event_id=ab1bb61b-2861-440a-a37e-4681eb2dcf74_2_4&privacy_consent_loaded=true&privacy_consent_advertising=false&privacy_consent_functional=false:0
[   -8334ms] [ERROR] Failed to load resource: net::ERR_INSUFFICIENT_RESOURCES @ https://r.stripe.com/b:0
[   -8333ms] [ERROR] Failed to load resource: net::ERR_INSUFFICIENT_RESOURCES @ https://billing.stripe.com/ajax/metrics_batch:0
[   -8333ms] [ERROR] Failed to load resource: net::ERR_INSUFFICIENT_RESOURCES @ https://t.stripe.com/?cid=5380fee7-08a0-4a4a-8236-04cefcefce0b&lsid=5380fee7-08a0-4a4a-8236-04cefcefce0b&analytics_ua=analytics.js-CURRENT_VERSION&ua_browser_name=Chrome&ua_browser_version=148.0.0.0&ua_os_name=Windows&ua_os_version=10&ua_engine_name=Blink&ua_engine_version=148.0.0.0&page=%2Fp%2Fsession%2Ftest_%5BREDACTED%5D&referrer=https%3A%2F%2Fdailyexpenses.e-markeet.com%2F&domain=billing.stripe.com&viewport_height=668&viewport_width=1052&sid=62c17fba-954a-46f2-9231-7a983e03d401&flags=%7B%7D&arb_id=37bcba24-ec5d-49b1-9f67-93925fea583b&exp_page_load_id=16df83d0-fc5d-46e4-907d-9d2b5f2b5868&revision=fad5d7e32000ce0c0444214538861f4f041f7ad7&is_beta_build_enabled=false&stripe_locale=en-US&page_name=%2F%3Aglob*&page_load_id=66wacvtqef&header_locale=&user_set_locale=auto&livemode=false&project=customer_portal&release=fad5d7e32000ce0c0444214538861f4f041f7ad7&sail_livemode=false&customer_portal_href=https%3A%2F%2Fbilling.stripe.com%2Fp%2Fsession%2Ftest_%5BREDACTED%5D&viewed_name=customer_portal_analytics_framework_testing_portal_world_viewed&event=customer_portal_analytics_framework_testing_portal_world_viewed.viewed&event_count=5&page_view_id=ab1bb61b-2861-440a-a37e-4681eb2dcf74_2&event_id=ab1bb61b-2861-440a-a37e-4681eb2dcf74_2_5&privacy_consent_loaded=true&privacy_consent_advertising=false&privacy_consent_functional=false:0
[   -8333ms] [ERROR] Failed to load resource: net::ERR_INSUFFICIENT_RESOURCES @ https://t.stripe.com/?cid=5380fee7-08a0-4a4a-8236-04cefcefce0b&lsid=5380fee7-08a0-4a4a-8236-04cefcefce0b&analytics_ua=analytics.js-CURRENT_VERSION&ua_browser_name=Chrome&ua_browser_version=148.0.0.0&ua_os_name=Windows&ua_os_version=10&ua_engine_name=Blink&ua_engine_version=148.0.0.0&page=%2Fp%2Fsession%2Ftest_%5BREDACTED%5D&referrer=https%3A%2F%2Fdailyexpenses.e-markeet.com%2F&domain=billing.stripe.com&viewport_height=668&viewport_width=1052&sid=62c17fba-954a-46f2-9231-7a983e03d401&flags=%7B%7D&arb_id=37bcba24-ec5d-49b1-9f67-93925fea583b&exp_page_load_id=16df83d0-fc5d-46e4-907d-9d2b5f2b5868&revision=fad5d7e32000ce0c0444214538861f4f041f7ad7&is_beta_build_enabled=false&stripe_locale=en-US&page_name=%2F%3Aglob*&page_load_id=4wzkme4skc&header_locale=&user_set_locale=auto&livemode=false&project=customer_portal&release=fad5d7e32000ce0c0444214538861f4f041f7ad7&sail_livemode=false&additionalAnalytics=%7B%22merchant%22%3A%22acct_1TYm0CHfr2RFpxq7%22%2C%22portal_session%22%3A%22bps_1Td8kNHfr2RFpxq7u0S28d9q%22%7D&viewed_name=customer_portal_page_mount&event=customer_portal_page_mount.viewed&event_count=2&page_view_id=ab1bb61b-2861-440a-a37e-4681eb2dcf74_2&event_id=ab1bb61b-2861-440a-a37e-4681eb2dcf74_2_2&privacy_consent_loaded=true&privacy_consent_advertising=false&privacy_consent_functional=false:0
[   -8332ms] [ERROR] Failed to load resource: net::ERR_INSUFFICIENT_RESOURCES @ https://t.stripe.com/?cid=5380fee7-08a0-4a4a-8236-04cefcefce0b&lsid=5380fee7-08a0-4a4a-8236-04cefcefce0b&analytics_ua=analytics.js-CURRENT_VERSION&ua_browser_name=Chrome&ua_browser_version=148.0.0.0&ua_os_name=Windows&ua_os_version=10&ua_engine_name=Blink&ua_engine_version=148.0.0.0&page=%2Fp%2Fsession%2Ftest_%5BREDACTED%5D&referrer=https%3A%2F%2Fdailyexpenses.e-markeet.com%2F&domain=billing.stripe.com&viewport_height=668&viewport_width=1052&sid=62c17fba-954a-46f2-9231-7a983e03d401&flags=%7B%7D&arb_id=37bcba24-ec5d-49b1-9f67-93925fea583b&exp_page_load_id=16df83d0-fc5d-46e4-907d-9d2b5f2b5868&revision=fad5d7e32000ce0c0444214538861f4f041f7ad7&is_beta_build_enabled=false&stripe_locale=en-US&page_name=%2F%3Aglob*&page_load_id=6qiyi34h1p&header_locale=&user_set_locale=auto&livemode=false&project=customer_portal&release=fad5d7e32000ce0c0444214538861f4f041f7ad7&sail_livemode=false&additionalAnalytics=%7B%22merchant%22%3A%22acct_1TYm0CHfr2RFpxq7%22%2C%22portal_session%22%3A%22bps_1Td8kNHfr2RFpxq7u0S28d9q%22%2C%22isMobile%22%3Afalse%7D&viewed_name=customer_portal_footer_cta&event=customer_portal_footer_cta.viewed&event_count=10&page_view_id=ab1bb61b-2861-440a-a37e-4681eb2dcf74_2&event_id=ab1bb61b-2861-440a-a37e-4681eb2dcf74_2_10&privacy_consent_loaded=true&privacy_consent_advertising=false&privacy_consent_functional=false:0
[   -8332ms] [ERROR] Failed to load resource: net::ERR_INSUFFICIENT_RESOURCES @ https://t.stripe.com/?cid=5380fee7-08a0-4a4a-8236-04cefcefce0b&lsid=5380fee7-08a0-4a4a-8236-04cefcefce0b&analytics_ua=analytics.js-CURRENT_VERSION&ua_browser_name=Chrome&ua_browser_version=148.0.0.0&ua_os_name=Windows&ua_os_version=10&ua_engine_name=Blink&ua_engine_version=148.0.0.0&page=%2Fp%2Fsession%2Ftest_%5BREDACTED%5D&referrer=https%3A%2F%2Fdailyexpenses.e-markeet.com%2F&domain=billing.stripe.com&viewport_height=668&viewport_width=1052&sid=62c17fba-954a-46f2-9231-7a983e03d401&flags=%7B%7D&arb_id=37bcba24-ec5d-49b1-9f67-93925fea583b&exp_page_load_id=16df83d0-fc5d-46e4-907d-9d2b5f2b5868&revision=fad5d7e32000ce0c0444214538861f4f041f7ad7&is_beta_build_enabled=false&stripe_locale=en-US&page_name=%2F%3Aglob*&page_load_id=6qiyi34h1p&header_locale=&user_set_locale=auto&livemode=false&project=customer_portal&release=fad5d7e32000ce0c0444214538861f4f041f7ad7&sail_livemode=false&additional_analytics=%7B%22in_portal_design_refresh%22%3Afalse%2C%22customer_portal_session_id%22%3A%22bps_1Td8kNHfr2RFpxq7u0S28d9q%22%2C%22customer_portal_cust_id%22%3A%22cus_UcNC5JUv5gvOyP%22%7D&action_name=billing_frontend_customer_portal_home_page_mount&viewed_name=customer_portal_footer_cta&event=billing_frontend_customer_portal_home_page_mount.action&event_count=12&page_view_id=ab1bb61b-2861-440a-a37e-4681eb2dcf74_2&event_id=ab1bb61b-2861-440a-a37e-4681eb2dcf74_2_12&privacy_consent_loaded=true&privacy_consent_advertising=false&privacy_consent_functional=false:0
[   -8332ms] [ERROR] Failed to load resource: net::ERR_INSUFFICIENT_RESOURCES @ https://t.stripe.com/?cid=5380fee7-08a0-4a4a-8236-04cefcefce0b&lsid=5380fee7-08a0-4a4a-8236-04cefcefce0b&analytics_ua=analytics.js-CURRENT_VERSION&ua_browser_name=Chrome&ua_browser_version=148.0.0.0&ua_os_name=Windows&ua_os_version=10&ua_engine_name=Blink&ua_engine_version=148.0.0.0&page=%2Fp%2Fsession%2Ftest_%5BREDACTED%5D&referrer=https%3A%2F%2Fdailyexpenses.e-markeet.com%2F&domain=billing.stripe.com&viewport_height=668&viewport_width=1052&sid=62c17fba-954a-46f2-9231-7a983e03d401&flags=%7B%7D&arb_id=37bcba24-ec5d-49b1-9f67-93925fea583b&exp_page_load_id=16df83d0-fc5d-46e4-907d-9d2b5f2b5868&revision=fad5d7e32000ce0c0444214538861f4f041f7ad7&is_beta_build_enabled=false&stripe_locale=en-US&page_name=%2F%3Aglob*&page_load_id=6qiyi34h1p&header_locale=&user_set_locale=auto&livemode=false&project=customer_portal&release=fad5d7e32000ce0c0444214538861f4f041f7ad7&sail_livemode=false&service=customer_portal&component=HomePageBody&errorCode=network_error&errorMessage=Native%20fetch%20error%3A%20Failed%20to%20fetch&errorPath=result&errorExpected=true&errorMuted=false&errorSource=network&operationTag=gql&operationName=AllPortalSessionPaymentMethodsQuery&operationPrefetch=false&operationPrefetchHit=false&operationDeduplicate=false&networkDuration=4239&networkStatus=-1&networkActionId=null&networkRequestId=null&networkTraceId=null&networkLoadId=f8cdb193-6c09-49a4-bcca-aace38e2a8c9&event=frontend_data_error&event_count=13&page_view_id=ab1bb61b-2861-440a-a37e-4681eb2dcf74_2&event_id=ab1bb61b-2861-440a-a37e-4681eb2dcf74_2_13&privacy_consent_loaded=true&privacy_consent_functional=false&privacy_consent_advertising=false:0
[   -8332ms] [ERROR] Failed to load resource: net::ERR_INSUFFICIENT_RESOURCES @ https://t.stripe.com/?cid=5380fee7-08a0-4a4a-8236-04cefcefce0b&lsid=5380fee7-08a0-4a4a-8236-04cefcefce0b&analytics_ua=analytics.js-CURRENT_VERSION&ua_browser_name=Chrome&ua_browser_version=148.0.0.0&ua_os_name=Windows&ua_os_version=10&ua_engine_name=Blink&ua_engine_version=148.0.0.0&page=%2Fp%2Fsession%2Ftest_%5BREDACTED%5D&referrer=https%3A%2F%2Fdailyexpenses.e-markeet.com%2F&domain=billing.stripe.com&viewport_height=668&viewport_width=1052&sid=62c17fba-954a-46f2-9231-7a983e03d401&flags=%7B%7D&arb_id=37bcba24-ec5d-49b1-9f67-93925fea583b&exp_page_load_id=16df83d0-fc5d-46e4-907d-9d2b5f2b5868&revision=fad5d7e32000ce0c0444214538861f4f041f7ad7&is_beta_build_enabled=false&stripe_locale=en-US&page_name=%2F%3Aglob*&page_load_id=6qiyi34h1p&header_locale=&user_set_locale=auto&livemode=false&project=customer_portal&release=fad5d7e32000ce0c0444214538861f4f041f7ad7&sail_livemode=false&service=customer_portal&component=HomePageBody&errorCode=network_error&errorMessage=Native%20fetch%20error%3A%20Failed%20to%20fetch&errorPath=result&errorExpected=true&errorMuted=false&errorSource=network&operationTag=gql&operationName=AllPortalSessionPaymentMethodsQuery&operationPrefetch=false&operationPrefetchHit=false&operationDeduplicate=true&networkDuration=4110&networkStatus=-1&networkActionId=null&networkRequestId=null&networkTraceId=null&networkLoadId=f8cdb193-6c09-49a4-bcca-aace38e2a8c9&event=frontend_data_error&event_count=14&page_view_id=ab1bb61b-2861-440a-a37e-4681eb2dcf74_2&event_id=ab1bb61b-2861-440a-a37e-4681eb2dcf74_2_14&privacy_consent_loaded=true&privacy_consent_advertising=false&privacy_consent_functional=false:0
[   -8332ms] [ERROR] Failed to load resource: net::ERR_INSUFFICIENT_RESOURCES @ https://t.stripe.com/?cid=5380fee7-08a0-4a4a-8236-04cefcefce0b&lsid=5380fee7-08a0-4a4a-8236-04cefcefce0b&analytics_ua=analytics.js-CURRENT_VERSION&ua_browser_name=Chrome&ua_browser_version=148.0.0.0&ua_os_name=Windows&ua_os_version=10&ua_engine_name=Blink&ua_engine_version=148.0.0.0&page=%2Fp%2Fsession%2Ftest_%5BREDACTED%5D&referrer=https%3A%2F%2Fdailyexpenses.e-markeet.com%2F&domain=billing.stripe.com&viewport_height=668&viewport_width=1052&sid=62c17fba-954a-46f2-9231-7a983e03d401&flags=%7B%7D&arb_id=37bcba24-ec5d-49b1-9f67-93925fea583b&exp_page_load_id=16df83d0-fc5d-46e4-907d-9d2b5f2b5868&revision=fad5d7e32000ce0c0444214538861f4f041f7ad7&is_beta_build_enabled=false&stripe_locale=en-US&page_name=%2F%3Aglob*&page_load_id=6qiyi34h1p&header_locale=&user_set_locale=auto&livemode=false&project=customer_portal&release=fad5d7e32000ce0c0444214538861f4f041f7ad7&sail_livemode=false&service=customer_portal&component=HomePageBody&errorCode=network_error&errorMessage=Native%20fetch%20error%3A%20Failed%20to%20fetch&errorPath=result&errorExpected=true&errorMuted=false&errorSource=network&operationTag=gql&operationName=AllPortalSessionPaymentMethodsQuery&operationPrefetch=false&operationPrefetchHit=false&operationDeduplicate=true&networkDuration=4094&networkStatus=-1&networkActionId=null&networkRequestId=null&networkTraceId=null&networkLoadId=f8cdb193-6c09-49a4-bcca-aace38e2a8c9&event=frontend_data_error&event_count=15&page_view_id=ab1bb61b-2861-440a-a37e-4681eb2dcf74_2&event_id=ab1bb61b-2861-440a-a37e-4681eb2dcf74_2_15&privacy_consent_loaded=true&privacy_consent_advertising=false&privacy_consent_functional=false:0
[   -8331ms] [ERROR] Failed to load resource: net::ERR_INSUFFICIENT_RESOURCES @ https://r.stripe.com/b:0
[   -8321ms] [ERROR] Failed to load resource: net::ERR_INSUFFICIENT_RESOURCES @ https://a300.stripecdn.com/customerportal-statics-srv/assets/customer-portal.lq9uhgvclmglqy97.js:0
[   -3964ms] [ERROR] Failed to load resource: net::ERR_INSUFFICIENT_RESOURCES @ https://r.stripe.com/b:0
[    1165ms] [ERROR] Failed to load resource: net::ERR_INSUFFICIENT_RESOURCES @ https://t.stripe.com/?cid=5380fee7-08a0-4a4a-8236-04cefcefce0b&lsid=5380fee7-08a0-4a4a-8236-04cefcefce0b&analytics_ua=analytics.js-CURRENT_VERSION&ua_browser_name=Chrome&ua_browser_version=148.0.0.0&ua_os_name=Windows&ua_os_version=10&ua_engine_name=Blink&ua_engine_version=148.0.0.0&page=%2Fp%2Fsession%2Ftest_%5BREDACTED%5D&referrer=https%3A%2F%2Fdailyexpenses.e-markeet.com%2F&domain=billing.stripe.com&viewport_height=668&viewport_width=1052&sid=62c17fba-954a-46f2-9231-7a983e03d401&flags=%7B%7D&arb_id=37bcba24-ec5d-49b1-9f67-93925fea583b&exp_page_load_id=16df83d0-fc5d-46e4-907d-9d2b5f2b5868&revision=fad5d7e32000ce0c0444214538861f4f041f7ad7&is_beta_build_enabled=false&stripe_locale=en-US&page_name=%2F%3Aglob*&page_load_id=2x4sr3t2gj&header_locale=&user_set_locale=auto&livemode=false&project=customer_portal&release=fad5d7e32000ce0c0444214538861f4f041f7ad7&sail_livemode=false&current_route_owner=dashboard_foundation&duration=16674&has_navigated_before_tti=false&decoded_bytes=12325386&encoded_bytes=2688264&total_transfer_size=286560&total_manage_js_transfer_size=undefined&network_requests=7&total_blocking_time=null&api_time=5713&lrd=4239&srv_api_time=5705&srv_lrd=4235&first_input=null&total_capture_time=36067.300000000745&prefers_dark_mode=false&prefers_reduced_motion=false&hidden=false&connect_end=442&js_start=undefined&response_start=1867&response_end=1937&mount_complete=3613&first_contentful_paint=5220&event=customer_portal_time_to_interactive&event_count=40&page_view_id=ab1bb61b-2861-440a-a37e-4681eb2dcf74_2&event_id=ab1bb61b-2861-440a-a37e-4681eb2dcf74_2_40&privacy_consent_loaded=true&privacy_consent_functional=false&privacy_consent_advertising=false:0
[    4189ms] [ERROR] Failed to load resource: net::ERR_INSUFFICIENT_RESOURCES @ https://t.stripe.com/?cid=5380fee7-08a0-4a4a-8236-04cefcefce0b&lsid=5380fee7-08a0-4a4a-8236-04cefcefce0b&analytics_ua=analytics.js-CURRENT_VERSION&ua_browser_name=Chrome&ua_browser_version=148.0.0.0&ua_os_name=Windows&ua_os_version=10&ua_engine_name=Blink&ua_engine_version=148.0.0.0&page=%2Fp%2Fsession%2Ftest_%5BREDACTED%5D&referrer=https%3A%2F%2Fdailyexpenses.e-markeet.com%2F&domain=billing.stripe.com&viewport_height=668&viewport_width=1052&sid=62c17fba-954a-46f2-9231-7a983e03d401&flags=%7B%7D&arb_id=37bcba24-ec5d-49b1-9f67-93925fea583b&exp_page_load_id=16df83d0-fc5d-46e4-907d-9d2b5f2b5868&revision=fad5d7e32000ce0c0444214538861f4f041f7ad7&is_beta_build_enabled=false&stripe_locale=en-US&page_name=%2F%3Aglob*&page_load_id=2x4sr3t2gj&header_locale=&user_set_locale=auto&livemode=false&project=customer_portal&release=fad5d7e32000ce0c0444214538861f4f041f7ad7&sail_livemode=false&issued_at=time_to_interactive&event=frontend_platform_ui_usage_by_mount&event_count=44&page_view_id=ab1bb61b-2861-440a-a37e-4681eb2dcf74_2&event_id=ab1bb61b-2861-440a-a37e-4681eb2dcf74_2_44&privacy_consent_loaded=true&privacy_consent_advertising=false&privacy_consent_functional=false:0
[    4189ms] [ERROR] Failed to load resource: net::ERR_INSUFFICIENT_RESOURCES @ https://t.stripe.com/?cid=5380fee7-08a0-4a4a-8236-04cefcefce0b&lsid=5380fee7-08a0-4a4a-8236-04cefcefce0b&analytics_ua=analytics.js-CURRENT_VERSION&ua_browser_name=Chrome&ua_browser_version=148.0.0.0&ua_os_name=Windows&ua_os_version=10&ua_engine_name=Blink&ua_engine_version=148.0.0.0&page=%2Fp%2Fsession%2Ftest_%5BREDACTED%5D&referrer=https%3A%2F%2Fdailyexpenses.e-markeet.com%2F&domain=billing.stripe.com&viewport_height=668&viewport_width=1052&sid=62c17fba-954a-46f2-9231-7a983e03d401&flags=%7B%7D&arb_id=37bcba24-ec5d-49b1-9f67-93925fea583b&exp_page_load_id=16df83d0-fc5d-46e4-907d-9d2b5f2b5868&revision=fad5d7e32000ce0c0444214538861f4f041f7ad7&is_beta_build_enabled=false&stripe_locale=en-US&page_name=%2F%3Aglob*&page_load_id=2x4sr3t2gj&header_locale=&user_set_locale=auto&livemode=false&project=customer_portal&release=fad5d7e32000ce0c0444214538861f4f041f7ad7&sail_livemode=false&request=40&miss=29&issued_at=time_to_interactive&event=i18n_translation_format_message_total&event_count=46&page_view_id=ab1bb61b-2861-440a-a37e-4681eb2dcf74_2&event_id=ab1bb61b-2861-440a-a37e-4681eb2dcf74_2_46&privacy_consent_loaded=true&privacy_consent_advertising=false&privacy_consent_functional=false:0
[    4189ms] [ERROR] Failed to load resource: net::ERR_INSUFFICIENT_RESOURCES @ https://t.stripe.com/?cid=5380fee7-08a0-4a4a-8236-04cefcefce0b&lsid=5380fee7-08a0-4a4a-8236-04cefcefce0b&analytics_ua=analytics.js-CURRENT_VERSION&ua_browser_name=Chrome&ua_browser_version=148.0.0.0&ua_os_name=Windows&ua_os_version=10&ua_engine_name=Blink&ua_engine_version=148.0.0.0&page=%2Fp%2Fsession%2Ftest_%5BREDACTED%5D&referrer=https%3A%2F%2Fdailyexpenses.e-markeet.com%2F&domain=billing.stripe.com&viewport_height=668&viewport_width=1052&sid=62c17fba-954a-46f2-9231-7a983e03d401&flags=%7B%7D&arb_id=37bcba24-ec5d-49b1-9f67-93925fea583b&exp_page_load_id=16df83d0-fc5d-46e4-907d-9d2b5f2b5868&revision=fad5d7e32000ce0c0444214538861f4f041f7ad7&is_beta_build_enabled=false&stripe_locale=en-US&page_name=%2F%3Aglob*&page_load_id=2x4sr3t2gj&header_locale=&user_set_locale=auto&livemode=false&project=customer_portal&release=fad5d7e32000ce0c0444214538861f4f041f7ad7&sail_livemode=false&request=5268&issued_at=time_to_interactive&event=i18n_translation_format_message_sml_total&event_count=47&page_view_id=ab1bb61b-2861-440a-a37e-4681eb2dcf74_2&event_id=ab1bb61b-2861-440a-a37e-4681eb2dcf74_2_47&privacy_consent_loaded=true&privacy_consent_advertising=false&privacy_consent_functional=false:0
[  -31331ms] [ERROR] Failed to load resource: net::ERR_INSUFFICIENT_RESOURCES @ https://b.stripecdn.com/stripethirdparty-srv/assets/v32.14/vendors~AddressAutocomplete~AffirmInContext~AfterpayInContext~AlgoliaSearch~AmazonPayButton~ApplePay~834487d7.fff126040ff1c84549a1.bundle.js:0
[    6595ms] [ERROR] Failed to load resource: net::ERR_INSUFFICIENT_RESOURCES @ https://billing.stripe.com/ajax/metrics_batch:0
